Listing:

   1 MODULE Ebnf;
   2 
   3 
   4 
   5 
   6 (* code mainly from Niklaus Wirth Grundlagen und Techniken des Compilerbaus, from English
   7 version Compiler Construction, too (s. http://www.ethoberon.ethz.ch/WirthPubl/CBEAll.pdf) and for more implementation
   8 details from Wirth Compilerbau Stuttgart Teubner 1986 (for Modula 2).
   9 Changes by JR;
  10 Parser is rewritten to be completely recursive for to establish unlimited backtracking in parse.
  11 *)
  12 
  13 
  14 (* Wirth example: ebnf defined in ebnf
  15 syntax        =     {production}.           
  16 production    =     identifier "=" expression "." . 
  17 expression    =     term {"|" term}. 
  18 term          =     factor {factor}.              
  19 factor        =     identifier | string | "(" expression ")"
  20  | "[" expression "]" | "{" expression "}". 
  21 By application of the given translation rules and subsequent simplification the following parser 
  22 results. It is formulated as an Oberon module: 
  23 *)
  24 
  25 
  26  
  27 IMPORT RTS,TextsCP, texts, Console, RegexApi, RegexMatching,RegexParser,CPmain; 
  28 
  29 CONST IdLen = 32; 
  30     ident = 0; literal = 2; lparen = 3; lbrak = 4; lbrace = 5; bar = 6; eql = 7; 
  31     rparen = 8; rbrak = 9; rbrace = 10; period = 11; other = 12; 
  32     
  33 TYPE Identifier = ARRAY IdLen OF CHAR; 
  34 
  35      Symbol*=POINTER TO EXTENSIBLE RECORD alt,next:Symbol 
  36      END;
  37      
  38      Terminal=POINTER TO RECORD(Symbol) sym:INTEGER;name:ARRAY IdLen OF CHAR; 
  39         reg:RegexApi.Regex;
  40      END;
  41      
  42      Nonterminal = POINTER TO NTSDesc;
  43          NTSDesc = RECORD (Symbol) this: Header END;
  44          Header = POINTER TO HDesc;
  45          HDesc = RECORD sym: Symbol; entry: Symbol; suc:Header; name: ARRAY IdLen OF CHAR END;
  46               
  47 VAR list,sentinel,h:Header;
  48         q,r,s: Symbol;
  49         startsymbol*:Symbol (* startsymbol for parse if called from editor, is exported to call of parse procedure*);
  50 
  51         ch: CHAR;       
  52     sym:      INTEGER;       
  53     lastpos:  INTEGER;       
  54     id:       Identifier;       
  55     R:        TextsCP.Reader;       
  56     W:        TextsCP.Writer;       
  57    
  58     txt:texts.Texts;
  59     shared:texts.Shared;
  60     
  61   
  62 PROCEDURE error(n: INTEGER); 
  63               VAR pos: INTEGER;       
  64 BEGIN pos := TextsCP.Pos(R); 
  65         Console.WriteString("error nr: ");Console.WriteInt(n,2);Console.WriteLn;
  66     IF pos > lastpos+4 THEN  (*avoid spurious error messages*) 
  67         TextsCP.WriteString(W, "  pos"); TextsCP.WriteInt(W, pos, 6); 
  68         TextsCP.WriteString(W, "  err"); TextsCP.WriteInt(W, n, 4); lastpos := pos; 
  69         TextsCP.WriteString(W,"sym"); TextsCP.WriteInt(W, sym, 4); 
  70         TextsCP.WriteLn(W);   (* TextsCP.Append(Oberon.Log,W.buf)   *) 
  71     END;
  72     RTS.Throw(" error");       
  73 END error;     
  74 
  75 PROCEDURE GetSym; 
  76 VAR i:INTEGER;       
  77 BEGIN 
  78         WHILE ~R.eot & (ch <= " ") DO TextsCP.Read(R, ch) END ;   (*skip blanks*) 
  79     CASE ch OF       
  80                 "A" .. "Z", "a" .. "z": sym := ident; i := 0; 
  81                         REPEAT id[i] := ch; INC(i); TextsCP.Read(R, ch) 
  82                         UNTIL (CAP(ch) < "A") OR (CAP(ch) > "Z"); 
  83             id[i]:=0X       
  84                         |22X:  (*quote*) 
  85                                 TextsCP.Read(R, ch); sym := literal; i := 0; 
  86                                 (* wirth----------------------------------- 
  87                                 WHILE (ch # 22X) & (ch > " ") DO 
  88                     id[i]:= ch;
  89                     INC(i);
  90                     TextsCP.Read(R,ch)       
  91                                 END ; 
  92                                 IF ch <= " " THEN error(1) END ; 
  93                                 ------------------------------------------*)
  94                                 (* JR, regex *)
  95                                 LOOP
  96                                         IF ch=22X THEN
  97                                                 IF i=0 (*empty terminal string*) THEN EXIT
  98                                                 ELSIF id[i] # '\'  (* quote is NOT escaped *) THEN EXIT
  99                                                 ELSIF (i >0) & (id[i-1] = '\') (* '\' is escaped by '\', 
 100                                                 i.e. termination by '"'*)
 101                                                                 THEN EXIT
 102                                                 END;
 103                                         END;
 104                                     id[i]:= ch;
 105                     INC(i);
 106                     IF i > IdLen THEN error(1);
 107                     END;
 108                     TextsCP.Read(R,ch)       
 109                                 END ; 
 110                                 (* Wirth IF ch <= " " THEN error(1) END ;       *)
 111                                 id[i] := 0X; TextsCP.Read(R, ch) 
 112                         |  "=" : sym := eql; TextsCP.Read(R, ch) 
 113                         |  "(" : sym := lparen; TextsCP.Read(R, ch) 
 114                         |  ")" : sym := rparen; TextsCP.Read(R, ch) 
 115                         |  "[" : sym := lbrak; TextsCP.Read(R, ch) 
 116                         |  "]" : sym := rbrak; TextsCP.Read(R, ch) 
 117                         | "{" : sym := lbrace; TextsCP.Read(R, ch) 
 118                         |  "}" : sym := rbrace; TextsCP.Read(R, ch) 
 119                         | "|" : sym := bar; TextsCP.Read(R, ch) 
 120                         |  "." : sym := period; TextsCP.Read(R, ch) 
 121                         ELSE sym := other; 
 122                                 (* if entered by jr; otherwise eof error*)
 123                                 IF R.eot THEN ch:=' ' ELSE TextsCP.Read(R, ch);END; 
 124                 END       
 125 END GetSym; 
 126 
 127  
 128 PROCEDURE find(str : ARRAY OF CHAR; VAR h:Header);
 129 VAR h1:Header;
 130 BEGIN
 131         h1:=list;
 132         sentinel.name:=str$;
 133         WHILE h1.name#str DO h1:=h1.suc;END;
 134         IF h1 = sentinel THEN (*insert*)
 135                 NEW(sentinel);
 136                 h1.suc := sentinel;
 137                 h1.entry:=NIL;
 138         END;    
 139         h:=h1;
 140 END find;
 141 
 142 PROCEDURE link(p,q:Symbol);
 143 VAR t:Symbol;
 144 
 145 BEGIN (* insert q in places indicated by linked chain p *)
 146         WHILE p # NIL DO
 147                 t := p; p:=t.next; t.next:=q;
 148         END;
 149 END link;
 150    
 151 
 152 PROCEDURE expression(VAR p,q,r,s:Symbol);   
 153 VAR q1, s1:Symbol;
 154 
 155     
 156     PROCEDURE term(VAR p,q,r,s:Symbol);  
 157     VAR p1,q1,r1,s1:Symbol;     
 158 
 159        PROCEDURE factor(VAR p,q,r,s:Symbol);    
 160        VAR a:Symbol;identifiernonterminal:Nonterminal;literalterminal:Terminal; h:Header;
 161        BEGIN h:=NIL;a:=NIL;identifiernonterminal:=NIL;literalterminal:=NIL;                     
 162             IF sym = ident (*nonterminal*) THEN
 163                 NEW(identifiernonterminal);
 164                 find(id$,h);
 165                 (* name of nonterminal symbol may be accessed via h.name);*)
 166                 identifiernonterminal.this:=h;
 167                 a:=identifiernonterminal;a.alt:=NIL;a.next:=NIL;
 168                 
 169                 (*record(T0, id, 1);*)  
 170                 p:=a;q:=a;r:=a;s:=a;           
 171                 GetSym 
 172             ELSIF sym = literal (*terminal*) THEN 
 173                 NEW(literalterminal);literalterminal.sym:=sym;
 174                 literalterminal.name:=id$; 
 175                 literalterminal.reg:=RegexApi.CreateRegex(id$);
 176                 a:=literalterminal;a.alt:=NIL;a.next:=NIL;
 177                 (*record(T1, id, 0);*) 
 178                 
 179                 p:=a;q:=a;r:=a;s:=a; 
 180                 GetSym 
 181             ELSIF sym = lparen THEN 
 182                         GetSym; 
 183                         expression(p,q,r,s); 
 184                 IF sym = rparen THEN GetSym ELSE error(2) END 
 185             ELSIF sym = lbrak THEN 
 186                         GetSym; expression(p,q,r,s); 
 187                         
 188                         NEW(literalterminal);literalterminal.sym:=sym;
 189                 literalterminal.name:=""; 
 190                 a:=literalterminal;a.alt:=NIL;a.next:=NIL;
 191                 q.alt:=a;s.next:=a;q:=a;s:=a;
 192                 IF sym = rbrak THEN GetSym ELSE error(3) END 
 193             ELSIF sym = lbrace THEN 
 194                         GetSym; expression(p,q,r,s); 
 195                         
 196                         NEW(literalterminal);literalterminal.sym:=sym;
 197                 literalterminal.name:=""; 
 198                 a:=literalterminal;a.alt:=NIL;a.next:=NIL;
 199                         q.alt:=a;q:=a;r:=a;s:=a;
 200                 IF sym = rbrace THEN GetSym ELSE error(4) END 
 201             ELSE    error(5)    
 202                 END;            
 203         END factor;    
 204  
 205     
 206      BEGIN (*term*) 
 207         p1:=NIL;q1:=NIL;r1:=NIL;s1:=NIL;        
 208         factor(p,q,r,s);           
 209         WHILE sym < bar DO 
 210                 factor(p1,q1,r1,s1);link(r,p1);r:=r1;s:=s1; 
 211         END;            
 212        
 213      END term; 
 214            
 215     BEGIN (*expression*)  
 216         q1:=NIL;s1:=NIL;  
 217         
 218         term(p,q,r,s);      
 219         WHILE sym = bar DO GetSym; term(q.alt,q1,s.next,s1);q:=q1;s:=s1; 
 220         END;    
 221         
 222     END expression;
 223  
 224 
 225            
 226 PROCEDURE production;       
 227 BEGIN (*sym = ident*) 
 228         
 229         find(id$,h);
 230         GetSym; 
 231     IF sym = eql THEN GetSym ELSE error(7) END; 
 232     expression(h.entry,q,r,s); link(r,NIL);   
 233     IF sym = period THEN 
 234         GetSym
 235     ELSE error(8) 
 236     END;
 237      
 238 END production;
 239 
 240 
 241       
 242 PROCEDURE syntax;       
 243 BEGIN           
 244         TextsCP.WriteStringLn("syntax start");
 245     WHILE sym = ident DO production END;  
 246     TextsCP.WriteStringLn("syntax end"); 
 247 END syntax;  
 248 
 249 (* checks whether there is a nonterminalwhich does not lead to a terminal*)
 250 PROCEDURE checkSyntax():BOOLEAN;
 251 VAR h:Header;error:BOOLEAN;(*i:INTEGER;*)
 252 BEGIN
 253         Console.WriteLn();
 254         h:=list;error:=FALSE;
 255         WHILE h # sentinel DO   
 256                 IF h.entry=NIL THEN 
 257                         error:=TRUE;
 258                         Console.WriteString("undefined Symbol "+h.name);Console.WriteLn();
 259                 ELSE Console.WriteString("Symbol "+h.name);Console.WriteLn();
 260                         (*i:=0;
 261                         WHILE h.name[i]#0X DO Console.Write(h.name[i]);INC(i);END;Console.WriteLn();
 262                         *)
 263                 END;
 264                 h:=h.suc;
 265         END (*while*);
 266         RETURN ~error;
 267 END checkSyntax;
 268             
 269 PROCEDURE Compile*():BOOLEAN; 
 270 VAR ok:BOOLEAN;
 271 BEGIN (*set R to the beginning of the text to be compiled*) 
 272         TextsCP.WriteString(W,"Compile Start read Grammar");Console.WriteLn();
 273         R.filename:= "C://users//rols//lexGrammar.txt"; 
 274         TextsCP.OpenReader(R);
 275         Console.WriteString("EBNF nach OpenReader");Console.WriteLn();  
 276         
 277         ok:=FALSE;
 278     lastpos := 0; 
 279     NEW(sentinel);list:=sentinel;h:=list;
 280     TextsCP.Read(R, ch); 
 281     GetSym;
 282     syntax;  
 283     IF checkSyntax() THEN ok:=TRUE;
 284     END;   
 285     (*TextsCP.Append(Oberon.Log,W.buf) *)   
 286     IF ok THEN
 287         TextsCP.WriteString(W,"Compile ok")
 288     ELSE TextsCP.WriteString(W,"Compile failed");
 289     END;
 290     Console.WriteLn(); 
 291     RETURN ok; 
 292 END Compile;    
 293 
 294 
 295 PROCEDURE parse*(node:Symbol):BOOLEAN;
 296 
 297 VAR res:BOOLEAN; pos:INTEGER;nodeName:ARRAY IdLen OF CHAR;
 298 
 299                 PROCEDURE match(tNode:Terminal):BOOLEAN;
 300         
 301                 VAR index:INTEGER;ch:CHAR;testChar:CHAR;testBool:BOOLEAN;
 302         
 303                 (*          *)
 304                 BEGIN
 305                         Console.WriteString("parse.match Start pos: ");
 306                         Console.WriteInt(txt.getTextPos(),2);
 307                         Console.WriteString(" "+tNode.name$);
 308                         Console.WriteLn();
 309                         IF shared.backTrack THEN
 310                         
 311                                 Console.WriteString(" Match backTrack");
 312                                 Console.WriteLn();
 313                                 RETURN FALSE;
 314                         END;
 315                         
 316                         index:=0;
 317                                                 
 318                         testBool:=RegexMatching.EditMatch(tNode.reg.regex,shared);
 319                         IF testBool THEN 
 320                                 Console.WriteString(" nach EditMatch testBool true");
 321                         ELSE
 322                                 Console.WriteString(" nach EditMatch testBool false");
 323                         END;
 324                         Console.WriteLn();
 325                         (*
 326                         
 327                         *)
 328                         Console.WriteLn();
 329                         Console.WriteString("match ok for "+tNode.name$);
 330                         (*Console.WriteInt(txt.getTextPos(),2);*) Console.WriteLn();
 331                         IF shared.backTrack THEN 
 332                                 RETURN FALSE 
 333                         ELSE
 334                                 RETURN (*TRUE*) testBool;
 335                         END;            
 336                 END match;
 337         
 338         
 339 
 340 BEGIN (*parse*)
 341         IF shared.backTrack THEN
 342                 IF node#list.entry THEN RETURN FALSE
 343                 ELSE
 344                         txt.setTextPos(0);
 345                         Console.WriteString("parse after backtrack restart");Console.WriteLn();
 346                         shared.backTrack:=FALSE;
 347                 END;
 348         END;
 349         IF node IS Terminal THEN
 350                 nodeName:=node(Terminal).name$
 351         ELSE nodeName:=node(Nonterminal).this.name$;
 352         END;
 353         Console.WriteString("parse node: "+nodeName);Console.WriteLn();
 354         pos:=txt.getTextPos();
 355         res:=FALSE;     
 356         IF node = NIL THEN RETURN TRUE
 357         ELSIF node IS Terminal THEN
 358                         res:=match(node(Terminal));
 359                         IF shared.backTrack THEN RETURN FALSE END;
 360                         Console.WriteString("parse res after MatchProc Pos: ");
 361                         Console.WriteInt(txt.getTextPos(),2);
 362                         IF res THEN WriteString(" TRUE")
**** Identifier not known in this scope--^
 363                         ELSE WriteString(" FALSE");
**** -----------------------------^ Identifier not known in this scope
 364                         END;
 365                         Console.WriteLn();                      
 366                 (* depth first recursion for nonterminal *)
 367         ELSE res:=parse(node(Nonterminal).this(*pointer to headerlist*).entry);
 368         END;
 369         IF shared.backTrack THEN RETURN FALSE END;
 370         (* bredth second recursion*)
 371         IF res THEN res:=parse(node.next);
 372                 IF shared.backTrack THEN RETURN FALSE
 373                 ELSIF res THEN RETURN TRUE;
 374                 END;
 375         END;
 376         IF shared.backTrack THEN RETURN FALSE END;
 377         (* alternative after fail, reset position in text *)
 378         txt.setTextPos(pos);
 379         (* no alt node is fail; if needed for distinction of case of empty node which is matched
 380                 without change of pos*)
 381         IF node.alt=NIL THEN RETURN FALSE
 382         ELSIF parse(node.alt) THEN 
 383                 IF shared.backTrack THEN RETURN FALSE ELSE RETURN TRUE
 384                 END;
 385         ELSE txt.setTextPos(pos);RETURN FALSE;          
 386         END;
 387         
 388 END parse;
 389 
 390 
 391 PROCEDURE init*(sh:texts.Shared):BOOLEAN;
 392 
 393 BEGIN
 394         Console.WriteString("Init entry");Console.WriteLn();    
 395         IF Compile() THEN               
 396                 Console.WriteString("nach Compile");Console.WriteLn();                  
 397                 startsymbol:=list.entry;
 398                 shared:=sh;
 399                 txt:=shared.getSharedText();(* for getTextPos and setTextPos access*)
 400                 RegexMatching.GetStartCh(sh);
 401                 
 402                 RETURN TRUE;
 403         ELSE RETURN FALSE;
 404         END;
 405 END init;
 406 
 407 BEGIN (*Auto-generated*)
 408         shared:=NIL;txt:=NIL;startsymbol:=NIL;
 409         Console.WriteString("EBNF Start ");Console.WriteLn();
 410         
 411                 
 412         IF init(shared) THEN            
 413                 Console.WriteString("EBNF nach Init");Console.WriteLn();                        
 414                 (*  *)
 415                 (*txt:=shared.texts;*)
 416                 
 417                 IF parse(list.entry(* before: list only *)) THEN
 418                         Console.WriteString(" parse ok")
 419                 ELSE Console.WriteString(" parse failed");
 420                 END;
 421                 
 422         END;
 423         
 424         
 425         Console.WriteString("EBNF End");Console.WriteLn();
 426 END Ebnf.

There were:  2 errors, and No warnings


