Listing:

   1 MODULE RegexApi;
   2 
   3 IMPORT RegexParser,RegexMatching, Console;
**** Inconsistent module keys-----------------^
**** Module <RegexParser> already imported with different key
   4 
   5 TYPE Regex*=POINTER TO RECORD
   6                 regex*:RegexParser.Regex
   7          END;
   8 
   9 (*-----------------------------Aux-Method------------------------------*)
  10 PROCEDURE ArrayToPointer*(arr:ARRAY OF CHAR; VAR ptr:POINTER TO ARRAY OF CHAR);
  11 VAR i,j:INTEGER;
  12 BEGIN
  13         i:=0;
  14         WHILE (arr[i]#0X) DO INC(i) END;
  15         NEW(ptr,i+1);
  16         FOR j:=0 TO i DO ptr^[j]:=arr[j] END;
  17 END ArrayToPointer;
  18 
  19 
  20 (*--------------------------Api-Procedures----------------------------*)
  21 PROCEDURE CreateRegex*(str:ARRAY OF CHAR):Regex;
  22 
  23 VAR reg:Regex;regString:POINTER TO ARRAY OF CHAR;
  24 BEGIN
  25         regString:=NIL;
  26         NEW(reg);
  27         NEW(reg.regex);
  28         
  29         ArrayToPointer(str,regString);
  30         RegexParser.InitCreateRegex(regString,reg.regex);
  31         RETURN reg
  32 END CreateRegex;
  33 
  34 PROCEDURE CreateRegexPtr*(str:POINTER TO ARRAY OF CHAR):Regex;
  35 VAR reg:Regex;
  36 BEGIN
  37         NEW(reg);
  38         NEW(reg.regex);
  39         RegexParser.InitCreateRegex(str,reg.regex);
  40         RETURN reg
  41 END CreateRegexPtr;
  42 
  43 PROCEDURE GetRegex*(sym:POINTER TO ARRAY OF CHAR):Regex;
  44 VAR reg:Regex;
  45 BEGIN
  46         NEW(reg);
  47         NEW(reg.regex);
  48         RegexParser.InitCreateRegex(sym,reg.regex);
  49         RETURN reg;
  50 END GetRegex;
  51 
  52 PROCEDURE MatchRegex*(regex:ARRAY OF CHAR;target:ARRAY OF CHAR):BOOLEAN;
  53 VAR result:BOOLEAN;
  54         regString,tarString:POINTER TO ARRAY OF CHAR;
  55         reg:Regex;
  56         
  57 BEGIN
  58         regString:=NIL;tarString:=NIL;
  59         ArrayToPointer(regex,regString);
  60         ArrayToPointer(target,tarString);
  61         NEW(reg);
  62         NEW(reg.regex);
  63         RegexParser.InitCreateRegex(regString,reg.regex);
  64         result:=RegexMatching.Match(reg.regex,tarString);
  65         RETURN result
  66 END MatchRegex;
  67 
  68 PROCEDURE (reg:Regex) Match*(str:ARRAY OF CHAR):BOOLEAN,NEW;
  69 VAR result:BOOLEAN;
  70         tarString:POINTER TO ARRAY OF CHAR;
  71         
  72 BEGIN   
  73         Console.WriteLn();
  74         Console.WriteString ("Match " + str);
  75         Console.WriteLn();
  76         tarString:=NIL;
  77         ArrayToPointer(str,tarString);
  78         result:=RegexMatching.Match(reg.regex,tarString);
  79         RETURN result;
  80 END Match;
  81 
  82 PROCEDURE (reg:Regex) MatchPtr*(str:POINTER TO ARRAY OF CHAR):BOOLEAN,NEW;
  83 BEGIN
  84 RETURN RegexMatching.Match(reg.regex,str);
  85 END MatchPtr;
  86 
  87 END RegexApi.

There were:  1 error, and No warnings


